src/services/auth.service.ts(21,60): error TS2769: No overload matches this call.
  Overload 1 of 2, '(password: string, hash: string): Promise<boolean>', gave the following error.
    Argument of type 'string | null' is not assignable to parameter of type 'string'.
      Type 'null' is not assignable to type 'string'.
  Overload 2 of 2, '(password: string, hash: string, callback?: Callback<boolean> | undefined, progressCallback?: ProgressCallback | undefined): void', gave the following error.
    Argument of type 'string | null' is not assignable to parameter of type 'string'.
      Type 'null' is not assignable to type 'string'.
